#! /opt/homebrew/Cellar/icarus-verilog/13.0/bin/vvp
:ivl_version "13.0 (stable)" "(v13_0)";
:ivl_delay_selection "TYPICAL";
:vpi_time_precision - 12;
:vpi_module "/opt/homebrew/Cellar/icarus-verilog/13.0/lib/ivl/system.vpi";
:vpi_module "/opt/homebrew/Cellar/icarus-verilog/13.0/lib/ivl/vhdl_sys.vpi";
:vpi_module "/opt/homebrew/Cellar/icarus-verilog/13.0/lib/ivl/vhdl_textio.vpi";
:vpi_module "/opt/homebrew/Cellar/icarus-verilog/13.0/lib/ivl/v2005_math.vpi";
:vpi_module "/opt/homebrew/Cellar/icarus-verilog/13.0/lib/ivl/va_math.vpi";
:vpi_module "/opt/homebrew/Cellar/icarus-verilog/13.0/lib/ivl/v2009.vpi";
S_0x100b3cd40 .scope package, "$unit" "$unit" 2 1;
 .timescale 0 0;
S_0x100b3d890 .scope module, "tb_controller" "tb_controller" 3 3;
 .timescale -9 -12;
P_0x100b3da10 .param/l "ABITS" 0 3 6, +C4<00000000000000000000000000001010>;
P_0x100b3da50 .param/l "LOG2N" 0 3 7, +C4<00000000000000000000000000001010>;
P_0x100b3da90 .param/l "N" 0 3 5, +C4<00000000000000000000010000000000>;
P_0x100b3dad0 .param/l "twiddle_bits" 0 3 8, +C4<00000000000000000000000000001001>;
L_0xbeb0687e0 .functor BUFZ 1, v0xbea830a00_0, C4<0>, C4<0>, C4<0>;
v0xbea830460_0 .net "addrA", 9 0, v0x100b3e190_0;  1 drivers
v0xbea830500_0 .net "addrB", 9 0, v0x100b412f0_0;  1 drivers
v0xbea8305a0_0 .var "clk", 0 0;
v0xbea830640_0 .net "done", 0 0, v0x100b2edb0_0;  1 drivers
v0xbea8306e0_0 .var "rst", 0 0;
v0xbea830780_0 .var "start", 0 0;
v0xbea830820_0 .net "twiddle_addr", 8 0, v0xbea830140_0;  1 drivers
v0xbea8308c0_0 .net "valid_in", 0 0, v0xbea8301e0_0;  1 drivers
v0xbea830960_0 .var "valid_in_d1", 0 0;
v0xbea830a00_0 .var "valid_in_d2", 0 0;
v0xbea830aa0_0 .net "valid_out", 0 0, L_0xbeb0687e0;  1 drivers
v0xbea830b40_0 .net "weA", 0 0, v0xbea830320_0;  1 drivers
v0xbea830be0_0 .net "weB", 0 0, v0xbea8303c0_0;  1 drivers
E_0xbeb0044c0 .event anyedge, v0x100b2edb0_0;
S_0x100b3b430 .scope module, "dut" "controller" 3 27, 4 2 0, S_0x100b3d890;
 .timescale -9 -12;
    .port_info 0 /INPUT 1 "clk";
    .port_info 1 /INPUT 1 "rst";
    .port_info 2 /INPUT 1 "valid_out";
    .port_info 3 /OUTPUT 10 "addrA";
    .port_info 4 /OUTPUT 10 "addrB";
    .port_info 5 /OUTPUT 9 "twiddle_addr";
    .port_info 6 /OUTPUT 1 "weA";
    .port_info 7 /OUTPUT 1 "weB";
    .port_info 8 /OUTPUT 1 "valid_in";
    .port_info 9 /INPUT 1 "start";
    .port_info 10 /OUTPUT 1 "done";
P_0x100b3b5b0 .param/l "ABITS" 0 4 5, +C4<00000000000000000000000000001010>;
P_0x100b3b5f0 .param/l "DEPTH" 0 4 4, +C4<00000000000000000000001000000000>;
P_0x100b3b630 .param/l "LOG2N" 0 4 7, +C4<00000000000000000000000000001010>;
P_0x100b3b670 .param/l "N" 0 4 3, +C4<00000000000000000000010000000000>;
P_0x100b3b6b0 .param/l "WIDTH" 0 4 6, +C4<00000000000000000000000000010000>;
P_0x100b3b6f0 .param/l "twiddle_bits" 0 4 8, +C4<00000000000000000000000000001001>;
enum0x100b3a420 .enum4 (2)
   "IDLE" 2'b00,
   "COMPUTE" 2'b01,
   "OUTPUT" 2'b10
 ;
v0x100b3e190_0 .var "addrA", 9 0;
v0x100b412f0_0 .var "addrB", 9 0;
v0x100b41390_0 .var "bf_cnt", 9 0;
v0x100b2ed10_0 .net "clk", 0 0, v0xbea8305a0_0;  1 drivers
v0x100b2edb0_0 .var "done", 0 0;
v0x100b374e0_0 .var "group_start", 9 0;
v0x100b37580_0 .var "j", 9 0;
v0x100b37620_0 .net "rst", 0 0, v0xbea8306e0_0;  1 drivers
v0x100b376c0_0 .var "span", 9 0;
v0x100b37760_0 .var "stage_cnt", 9 0;
v0xbea830000_0 .net "start", 0 0, v0xbea830780_0;  1 drivers
v0xbea8300a0_0 .var "state", 1 0;
v0xbea830140_0 .var "twiddle_addr", 8 0;
v0xbea8301e0_0 .var "valid_in", 0 0;
v0xbea830280_0 .net "valid_out", 0 0, L_0xbeb0687e0;  alias, 1 drivers
v0xbea830320_0 .var "weA", 0 0;
v0xbea8303c0_0 .var "weB", 0 0;
E_0xbeb004500 .event posedge, v0x100b2ed10_0;
E_0xbeb004540 .event anyedge, v0x100b37760_0, v0x100b41390_0, v0xbea830280_0, v0xbea8300a0_0;
    .scope S_0x100b3b430;
T_0 ;
Ewait_0 .event/or E_0xbeb004540, E_0x0;
    %wait Ewait_0;
    %pushi/vec4 1, 0, 10;
    %ix/getv 4, v0x100b37760_0;
    %shiftl 4;
    %store/vec4 v0x100b376c0_0, 0, 10;
    %load/vec4 v0x100b41390_0;
    %load/vec4 v0x100b376c0_0;
    %mod;
    %store/vec4 v0x100b37580_0, 0, 10;
    %load/vec4 v0x100b41390_0;
    %load/vec4 v0x100b376c0_0;
    %div;
    %load/vec4 v0x100b376c0_0;
    %ix/load 4, 1, 0;
    %flag_set/imm 4, 0;
    %shiftl 4;
    %mul;
    %store/vec4 v0x100b374e0_0, 0, 10;
    %load/vec4 v0x100b374e0_0;
    %load/vec4 v0x100b37580_0;
    %add;
    %store/vec4 v0x100b3e190_0, 0, 10;
    %load/vec4 v0x100b374e0_0;
    %load/vec4 v0x100b37580_0;
    %add;
    %load/vec4 v0x100b376c0_0;
    %add;
    %store/vec4 v0x100b412f0_0, 0, 10;
    %load/vec4 v0x100b37580_0;
    %pad/u 32;
    %pushi/vec4 1024, 0, 32;
    %load/vec4 v0x100b376c0_0;
    %pad/u 32;
    %ix/load 4, 1, 0;
    %flag_set/imm 4, 0;
    %shiftl 4;
    %div;
    %mul;
    %pad/u 9;
    %store/vec4 v0xbea830140_0, 0, 9;
    %load/vec4 v0xbea830280_0;
    %store/vec4 v0xbea830320_0, 0, 1;
    %load/vec4 v0xbea830280_0;
    %store/vec4 v0xbea8303c0_0, 0, 1;
    %load/vec4 v0xbea8300a0_0;
    %pushi/vec4 1, 0, 2;
    %cmp/e;
    %flag_get/vec4 4;
    %store/vec4 v0xbea8301e0_0, 0, 1;
    %jmp T_0;
    .thread T_0, $push;
    .scope S_0x100b3b430;
T_1 ;
    %wait E_0xbeb004500;
    %load/vec4 v0x100b37620_0;
    %flag_set/vec4 8;
    %jmp/0xz  T_1.0, 8;
    %pushi/vec4 0, 0, 2;
    %assign/vec4 v0xbea8300a0_0, 0;
    %pushi/vec4 0, 0, 10;
    %assign/vec4 v0x100b37760_0, 0;
    %pushi/vec4 0, 0, 10;
    %assign/vec4 v0x100b41390_0, 0;
    %pushi/vec4 0, 0, 1;
    %assign/vec4 v0x100b2edb0_0, 0;
    %jmp T_1.1;
T_1.0 ;
    %load/vec4 v0xbea8300a0_0;
    %dup/vec4;
    %pushi/vec4 0, 0, 2;
    %cmp/u;
    %jmp/1 T_1.2, 6;
    %dup/vec4;
    %pushi/vec4 1, 0, 2;
    %cmp/u;
    %jmp/1 T_1.3, 6;
    %dup/vec4;
    %pushi/vec4 2, 0, 2;
    %cmp/u;
    %jmp/1 T_1.4, 6;
    %pushi/vec4 0, 0, 2;
    %assign/vec4 v0xbea8300a0_0, 0;
    %jmp T_1.6;
T_1.2 ;
    %pushi/vec4 0, 0, 1;
    %assign/vec4 v0x100b2edb0_0, 0;
    %load/vec4 v0xbea830000_0;
    %flag_set/vec4 8;
    %jmp/0xz  T_1.7, 8;
    %pushi/vec4 1, 0, 2;
    %assign/vec4 v0xbea8300a0_0, 0;
    %pushi/vec4 0, 0, 10;
    %assign/vec4 v0x100b37760_0, 0;
    %pushi/vec4 0, 0, 10;
    %assign/vec4 v0x100b41390_0, 0;
T_1.7 ;
    %jmp T_1.6;
T_1.3 ;
    %load/vec4 v0xbea830280_0;
    %flag_set/vec4 8;
    %jmp/0xz  T_1.9, 8;
    %load/vec4 v0x100b41390_0;
    %pad/u 32;
    %cmpi/e 511, 0, 32;
    %jmp/0xz  T_1.11, 4;
    %pushi/vec4 0, 0, 10;
    %assign/vec4 v0x100b41390_0, 0;
    %load/vec4 v0x100b37760_0;
    %pad/u 32;
    %cmpi/e 9, 0, 32;
    %jmp/0xz  T_1.13, 4;
    %pushi/vec4 2, 0, 2;
    %assign/vec4 v0xbea8300a0_0, 0;
    %jmp T_1.14;
T_1.13 ;
    %load/vec4 v0x100b37760_0;
    %addi 1, 0, 10;
    %assign/vec4 v0x100b37760_0, 0;
T_1.14 ;
    %jmp T_1.12;
T_1.11 ;
    %load/vec4 v0x100b41390_0;
    %addi 1, 0, 10;
    %assign/vec4 v0x100b41390_0, 0;
T_1.12 ;
T_1.9 ;
    %jmp T_1.6;
T_1.4 ;
    %pushi/vec4 1, 0, 1;
    %assign/vec4 v0x100b2edb0_0, 0;
    %pushi/vec4 0, 0, 2;
    %assign/vec4 v0xbea8300a0_0, 0;
    %jmp T_1.6;
T_1.6 ;
    %pop/vec4 1;
T_1.1 ;
    %jmp T_1;
    .thread T_1;
    .scope S_0x100b3d890;
T_2 ;
    %delay 5000, 0;
    %load/vec4 v0xbea8305a0_0;
    %inv;
    %store/vec4 v0xbea8305a0_0, 0, 1;
    %jmp T_2;
    .thread T_2;
    .scope S_0x100b3d890;
T_3 ;
    %wait E_0xbeb004500;
    %load/vec4 v0xbea8306e0_0;
    %flag_set/vec4 8;
    %jmp/0xz  T_3.0, 8;
    %pushi/vec4 0, 0, 1;
    %assign/vec4 v0xbea830960_0, 0;
    %pushi/vec4 0, 0, 1;
    %assign/vec4 v0xbea830a00_0, 0;
    %jmp T_3.1;
T_3.0 ;
    %load/vec4 v0xbea8308c0_0;
    %assign/vec4 v0xbea830960_0, 0;
    %load/vec4 v0xbea830960_0;
    %assign/vec4 v0xbea830a00_0, 0;
T_3.1 ;
    %jmp T_3;
    .thread T_3;
    .scope S_0x100b3d890;
T_4 ;
    %wait E_0xbeb004500;
    %load/vec4 v0xbea8308c0_0;
    %flag_set/vec4 8;
    %jmp/0xz  T_4.0, 8;
    %vpi_call/w 3 63 "$display", "stage=%0d bf=%0d | addrA=%0d addrB=%0d twiddle=%0d | weA=%0d weB=%0d", v0x100b37760_0, v0x100b41390_0, v0xbea830460_0, v0xbea830500_0, v0xbea830820_0, v0xbea830b40_0, v0xbea830be0_0 {0 0 0};
T_4.0 ;
    %jmp T_4;
    .thread T_4;
    .scope S_0x100b3d890;
T_5 ;
    %vpi_call/w 3 76 "$dumpfile", "tb_controller.vcd" {0 0 0};
    %vpi_call/w 3 77 "$dumpvars", 32'sb00000000000000000000000000000000, S_0x100b3d890 {0 0 0};
    %pushi/vec4 0, 0, 1;
    %store/vec4 v0xbea8305a0_0, 0, 1;
    %pushi/vec4 1, 0, 1;
    %store/vec4 v0xbea8306e0_0, 0, 1;
    %pushi/vec4 0, 0, 1;
    %store/vec4 v0xbea830780_0, 0, 1;
    %wait E_0xbeb004500;
    %wait E_0xbeb004500;
    %pushi/vec4 0, 0, 1;
    %store/vec4 v0xbea8306e0_0, 0, 1;
    %wait E_0xbeb004500;
    %vpi_call/w 3 87 "$display", "Test 1" {0 0 0};
    %vpi_call/w 3 88 "$display", "valid_in=%0d (expect 0)", v0xbea8308c0_0 {0 0 0};
    %vpi_call/w 3 89 "$display", "done=%0d (expect 0)", v0xbea830640_0 {0 0 0};
    %vpi_call/w 3 90 "$display", "weA=%0d weB=%0d (expect 0 0)", v0xbea830b40_0, v0xbea830be0_0 {0 0 0};
    %wait E_0xbeb004500;
    %pushi/vec4 1, 0, 1;
    %store/vec4 v0xbea830780_0, 0, 1;
    %wait E_0xbeb004500;
    %wait E_0xbeb004500;
    %pushi/vec4 0, 0, 1;
    %store/vec4 v0xbea830780_0, 0, 1;
    %wait E_0xbeb004500;
    %wait E_0xbeb004500;
    %wait E_0xbeb004500;
    %vpi_call/w 3 101 "$display", "Test 2" {0 0 0};
    %vpi_call/w 3 102 "$display", "valid_in=%0d (expect 1)", v0xbea8308c0_0 {0 0 0};
    %vpi_call/w 3 103 "$display", "stage_cnt=%0d (expect 0)", v0x100b37760_0 {0 0 0};
    %vpi_call/w 3 104 "$display", "bf_cnt=%0d (expect 0)", v0x100b41390_0 {0 0 0};
    %vpi_call/w 3 105 "$display", "valid_in_d1=%0d valid_in_d2=%0d", v0xbea830960_0, v0xbea830a00_0 {0 0 0};
    %vpi_call/w 3 108 "$display", "Test 3" {0 0 0};
    %pushi/vec4 4, 0, 32;
T_5.0 %dup/vec4;
    %cmpi/s 0, 0, 32;
    %jmp/1xz T_5.1, 5;
    %jmp/1 T_5.1, 4;
    %subi 1, 0, 32;
    %wait E_0xbeb004500;
    %vpi_call/w 3 111 "$display", "  bf=%0d addrA=%0d addrB=%0d k=%0d", v0x100b41390_0, v0xbea830460_0, v0xbea830500_0, v0xbea830820_0 {0 0 0};
    %jmp T_5.0;
T_5.1 ;
    %pop/vec4 1;
    %vpi_call/w 3 116 "$display", "Test 4" {0 0 0};
T_5.2 ;
    %load/vec4 v0xbea830640_0;
    %pad/u 32;
    %pushi/vec4 1, 0, 32;
    %cmp/e;
    %flag_get/vec4 4;
    %cmpi/ne 1, 0, 1;
    %jmp/0xz T_5.3, 6;
    %wait E_0xbeb0044c0;
    %jmp T_5.2;
T_5.3 ;
    %vpi_call/w 3 118 "$display", "done=1 received" {0 0 0};
    %vpi_call/w 3 119 "$display", "stage_cnt=%0d (expect 0, reset after done)", v0x100b37760_0 {0 0 0};
    %vpi_call/w 3 120 "$display", "bf_cnt=%0d (expect 0, reset after done)", v0x100b41390_0 {0 0 0};
    %wait E_0xbeb004500;
    %vpi_call/w 3 124 "$display", "Test 5" {0 0 0};
    %vpi_call/w 3 125 "$display", "valid_in=%0d (expect 0)", v0xbea8308c0_0 {0 0 0};
    %vpi_call/w 3 126 "$display", "done=%0d (expect 0)", v0xbea830640_0 {0 0 0};
    %vpi_call/w 3 128 "$finish" {0 0 0};
    %end;
    .thread T_5;
    .scope S_0x100b3d890;
T_6 ;
    %delay 500000000, 0;
    %vpi_call/w 3 132 "$display", "TIMEOUT" {0 0 0};
    %vpi_call/w 3 133 "$finish" {0 0 0};
    %end;
    .thread T_6;
# The file index is used to find the file name in the following table.
:file_names 5;
    "N/A";
    "<interactive>";
    "-";
    "fft_conttb.sv";
    "fft_controller.sv";
